[ACTION] u1: letrejott
[ACTION] s1: letrejott
[ACTION] s2: letrejott
[ACTION] u1: uj sav hozzaadva: s1
[ACTION] u1: uj sav hozzaadva: s2
[ACTION] s1: allapota beallitva: ThinSnowState
[ACTION] s2: allapota beallitva: ClearState
[ACTION] hk_rock: letrejott
[ACTION] hk_rock: felszerelve: RockHead
[ACTION] cp1: letrejott takarito jatekos, kezdo egyenleg: 0
[ACTION] hk_rock: feltoltve 3 egyseg Rock
[ACTION] hk_rock: raallitva s1 savra
[ACTION] s1: zuzalek szorva, rocky=true
[ACTION] hk_rock: Zuzalek szorasa sikeres, maradek Rock: 2
[ACTION] hk_sweep: letrejott
[ACTION] hk_sweep: felszerelve: SweepHead
[ACTION] hk_sweep: raallitva s1 savra
[ACTION] s2: 1 egyseg ho esett, Allapot: ThinSnowState
[ACTION] s2: zuzalek szorva, rocky=true
[ACTION] hk_sweep: Soprofej: zuzalek atkerult szomszed savba
[ACTION] hk_sweep: Soprofej takaritott, ho atkerult szomszed savba
[ACTION] s1: allapota ClearState-re valtozott
[STAT] Lane s1 State=ClearState SnowThickness=0 Slippery=false IsPassable=true Rocky=false SaltCountdown=0 PassageCount=0
[STAT] Lane s2 State=ThinSnowState SnowThickness=1 Slippery=false IsPassable=true Rocky=true SaltCountdown=0 PassageCount=0
