[ACTION] c1: letrejott (Home)
[ACTION] c2: letrejott (Workplace)
[ACTION] c3: letrejott (Intersection)
[ACTION] u1: letrejott
[ACTION] u2: letrejott
[ACTION] s1: letrejott
[ACTION] s2: letrejott
[ACTION] s3: letrejott
[ACTION] s4: letrejott
[ACTION] u1: uj sav hozzaadva: s1
[ACTION] u1: uj sav hozzaadva: s2
[ACTION] u2: uj sav hozzaadva: s3
[ACTION] u2: uj sav hozzaadva: s4
[ACTION] u1: kapcsolva: c1 <-> c2
[ACTION] u2: kapcsolva: c2 <-> c3
[ACTION] auto1: letrejott (Car)
[ACTION] auto2: letrejott (Car)
[ACTION] auto1: uticel beallitva: c1 -> c2
[ACTION] auto2: uticel beallitva: c1 -> c2
[ACTION] auto1: raallitva s1 savra
[ACTION] auto2: raallitva s3 savra
[ACTION] auto1: Sikeres lepes, uj pozicio: s1
[ACTION] auto2: Sikeres lepes, uj pozicio: s3
[STAT] Car auto1 Position=s1 Blocked=false BlockedTurns=0
[STAT] Car auto2 Position=s3 Blocked=false BlockedTurns=0
